// Vitest Snapshot v1, https://vitest.dev/guide/snapshot.html

exports[`i18n rendered text snapshots > login page critical text matches snapshot 1`] = `
{
  "en": {
    "admin.createBookModal.title": "Create New Book",
    "login.emailLabel": "Email Address",
    "login.passwordLabel": "Password",
    "login.submit": "Sign In",
    "login.subtitle": "Sign in to access your books",
    "reader.settings.title": undefined,
  },
}
`;
