// Vitest Snapshot v1, https://vitest.dev/guide/snapshot.html

exports[`i18n rendered text snapshots > login page critical text matches snapshot 1`] = `
{
  "ar": {
    "admin.createBookModal.title": "إنشاء كتاب جديد",
    "login.emailLabel": "البريد الإلكتروني",
    "login.passwordLabel": "كلمة المرور",
    "login.submit": "تسجيل الدخول",
    "login.subtitle": "سجّل الدخول للوصول إلى كتبك",
    "reader.settings.title": undefined,
  },
  "de": {
    "admin.createBookModal.title": "Neues Buch erstellen",
    "login.emailLabel": "E-Mail-Adresse",
    "login.passwordLabel": "Passwort",
    "login.submit": "Anmelden",
    "login.subtitle": "Melde Sie sich an, um auf Ihre Bücher zuzugreifen",
    "reader.settings.title": undefined,
  },
  "en": {
    "admin.createBookModal.title": "Create New Book",
    "login.emailLabel": "Email Address",
    "login.passwordLabel": "Password",
    "login.submit": "Sign In",
    "login.subtitle": "Sign in to access your books",
    "reader.settings.title": undefined,
  },
  "es": {
    "admin.createBookModal.title": "Crear nuevo libro",
    "login.emailLabel": "Correo electrónico",
    "login.passwordLabel": "Contraseña",
    "login.submit": "Iniciar sesión",
    "login.subtitle": "Inicia sesión para acceder a tus libros",
    "reader.settings.title": undefined,
  },
  "fr": {
    "admin.createBookModal.title": "Créer un nouveau livre",
    "login.emailLabel": "Adresse e-mail",
    "login.passwordLabel": "Mot de passe",
    "login.submit": "Se connecter",
    "login.subtitle": "Connectez-vous pour accéder à vos livres",
    "reader.settings.title": undefined,
  },
  "hi": {
    "admin.createBookModal.title": "नई पुस्तक बनाएं",
    "login.emailLabel": "ईमेल पता",
    "login.passwordLabel": "पासवर्ड",
    "login.submit": "लॉग इन",
    "login.subtitle": "अपनी पुस्तकों तक पहुँचने के लिए लॉग इन करें",
    "reader.settings.title": undefined,
  },
  "it": {
    "admin.createBookModal.title": "Crea nuovo libro",
    "login.emailLabel": "Indirizzo e-mail",
    "login.passwordLabel": "Password",
    "login.submit": "Accedi",
    "login.subtitle": "Accedi per visualizzare i tuoi libri",
    "reader.settings.title": undefined,
  },
  "ja": {
    "admin.createBookModal.title": "新しい書籍を作成",
    "login.emailLabel": "メールアドレス",
    "login.passwordLabel": "パスワード",
    "login.submit": "ログイン",
    "login.subtitle": "ログインして書籍にアクセス",
    "reader.settings.title": undefined,
  },
  "ko": {
    "admin.createBookModal.title": "새 도서 만들기",
    "login.emailLabel": "이메일 주소",
    "login.passwordLabel": "비밀번호",
    "login.submit": "로그인",
    "login.subtitle": "로그인하여 도서에 접근하세요",
    "reader.settings.title": undefined,
  },
  "nl": {
    "admin.createBookModal.title": "Nieuw boek aanmaken",
    "login.emailLabel": "E-mailadres",
    "login.passwordLabel": "Wachtwoord",
    "login.submit": "Inloggen",
    "login.subtitle": "Log in om toegang te krijgen tot je boeken",
    "reader.settings.title": undefined,
  },
  "pt": {
    "admin.createBookModal.title": "Criar novo livro",
    "login.emailLabel": "Endereço de e-mail",
    "login.passwordLabel": "Senha",
    "login.submit": "Entrar",
    "login.subtitle": "Faça login para acessar seus livros",
    "reader.settings.title": undefined,
  },
  "ru": {
    "admin.createBookModal.title": "Создать новую книгу",
    "login.emailLabel": "Адрес электронной почты",
    "login.passwordLabel": "Пароль",
    "login.submit": "Войти",
    "login.subtitle": "Войдите для доступа к книгам",
    "reader.settings.title": undefined,
  },
  "zh": {
    "admin.createBookModal.title": "创建新书",
    "login.emailLabel": "电子邮件地址",
    "login.passwordLabel": "密码",
    "login.submit": "登录",
    "login.subtitle": "登录以访问您的书籍",
    "reader.settings.title": undefined,
  },
}
`;
